 step5

 Timestamp is 5b8ca0cb (Sun Sep 02 22:47:39 2018)

 Preferred load address is 00400000

 Start         Length     Name                   Class
 0001:00000000 00006fdaH .text                   CODE
 0002:00000000 00000100H .idata$5                DATA
 0002:00000100 00000004H .CRT$XCA                DATA
 0002:00000104 00000004H .CRT$XCZ                DATA
 0002:00000108 00000004H .CRT$XIA                DATA
 0002:0000010c 00000010H .CRT$XIC                DATA
 0002:0000011c 00000004H .CRT$XIY                DATA
 0002:00000120 00000004H .CRT$XIZ                DATA
 0002:00000124 00000004H .CRT$XPA                DATA
 0002:00000128 00000004H .CRT$XPX                DATA
 0002:0000012c 00000004H .CRT$XPXA               DATA
 0002:00000130 00000004H .CRT$XPZ                DATA
 0002:00000134 00000004H .CRT$XTA                DATA
 0002:00000138 00000004H .CRT$XTZ                DATA
 0002:00000140 00001888H .rdata                  DATA
 0002:000019d0 0000000cH .rdata$sxdata           DATA
 0002:000019dc 00000004H .rtc$IAA                DATA
 0002:000019e0 00000004H .rtc$IZZ                DATA
 0002:000019e4 00000004H .rtc$TAA                DATA
 0002:000019e8 00000004H .rtc$TZZ                DATA
 0002:000019f0 000002b4H .xdata$x                DATA
 0002:00001ca4 00000014H .idata$2                DATA
 0002:00001cb8 00000014H .idata$3                DATA
 0002:00001ccc 00000100H .idata$4                DATA
 0002:00001dcc 00000496H .idata$6                DATA
 0002:00002262 00000000H .edata                  DATA
 0003:00000000 00000f80H .data                   DATA
 0003:00000f80 00001dccH .bss                    DATA

  Address         Publics by Value              Rva+Base       Lib:Object

 0000:00000000       __except_list              00000000     <absolute>
 0000:00000003       ___safe_se_handler_count   00000003     <absolute>
 0000:00000000       ___ImageBase               00400000     <linker-defined>
 0001:00000000       _main                      00401000 f   mainA.obj
 0001:000001c0       _isEmpty                   004011c0 f   llist1A.obj
 0001:000001f0       _initNode                  004011f0 f   llist1A.obj
 0001:00000220       _initList                  00401220 f   llist1A.obj
 0001:00000260       _printList                 00401260 f   llist1A.obj
 0001:000002d0       _insertFront               004012d0 f   llist1A.obj
 0001:00000320       _extract                   00401320 f   llist1A.obj
 0001:000003e5       _printf                    004013e5 f   LIBCMT:printf.obj
 0001:0000048c       __get_printf_count_output  0040148c f   LIBCMT:printf.obj
 0001:000004a2       _malloc                    004014a2 f   LIBCMT:malloc.obj
 0001:000006c0       _mainCRTStartup            004016c0 f   LIBCMT:crt0.obj
 0001:000006ca       ___iob_func                004016ca f   LIBCMT:_file.obj
 0001:000006d0       ___initstdio               004016d0 f   LIBCMT:_file.obj
 0001:00000781       ___endstdio                00401781 f   LIBCMT:_file.obj
 0001:000007a1       __lock_file                004017a1 f   LIBCMT:_file.obj
 0001:000007e2       __lock_file2               004017e2 f   LIBCMT:_file.obj
 0001:00000814       __unlock_file              00401814 f   LIBCMT:_file.obj
 0001:00000850       __unlock_file2             00401850 f   LIBCMT:_file.obj
 0001:0000087f       __stbuf                    0040187f f   LIBCMT:_sftbuf.obj
 0001:0000091b       __ftbuf                    0040191b f   LIBCMT:_sftbuf.obj
 0001:0000094f       ??0_LocaleUpdate@@QAE@PAUlocaleinfo_struct@@@Z 0040194f f i LIBCMT:output.obj
 0001:00000a6b       __output_l                 00401a6b f   LIBCMT:output.obj
 0001:00001673       __initp_misc_invarg        00402673 f   LIBCMT:invarg.obj
 0001:00001682       __call_reportfault         00402682 f   LIBCMT:invarg.obj
 0001:000017ab       __invoke_watson            004027ab f   LIBCMT:invarg.obj
 0001:000017d0       __invalid_parameter        004027d0 f   LIBCMT:invarg.obj
 0001:000017fd       __invalid_parameter_noinfo 004027fd f   LIBCMT:invarg.obj
 0001:0000180d       __get_errno_from_oserr     0040280d f   LIBCMT:dosmap.obj
 0001:0000184f       __errno                    0040284f f   LIBCMT:dosmap.obj
 0001:00001862       ___doserrno                00402862 f   LIBCMT:dosmap.obj
 0001:00001875       __dosmaperr                00402875 f   LIBCMT:dosmap.obj
 0001:000018a0       __SEH_prolog4              004028a0 f   LIBCMT:sehprolg4.obj
 0001:000018e5       __SEH_epilog4              004028e5 f   LIBCMT:sehprolg4.obj
 0001:00001900       __except_handler4          00402900 f   LIBCMT:chandler4.obj
 0001:00001a8f       ___crtCorExitProcess       00402a8f f   LIBCMT:crt0dat.obj
 0001:00001aba       ___crtExitProcess          00402aba f   LIBCMT:crt0dat.obj
 0001:00001ad2       __lockexit                 00402ad2 f   LIBCMT:crt0dat.obj
 0001:00001adb       __unlockexit               00402adb f   LIBCMT:crt0dat.obj
 0001:00001ae4       __init_pointers            00402ae4 f   LIBCMT:crt0dat.obj
 0001:00001b17       __initterm_e               00402b17 f   LIBCMT:crt0dat.obj
 0001:00001b3b       __cinit                    00402b3b f   LIBCMT:crt0dat.obj
 0001:00001d12       _exit                      00402d12 f   LIBCMT:crt0dat.obj
 0001:00001d28       __exit                     00402d28 f   LIBCMT:crt0dat.obj
 0001:00001d3e       __cexit                    00402d3e f   LIBCMT:crt0dat.obj
 0001:00001d4d       __c_exit                   00402d4d f   LIBCMT:crt0dat.obj
 0001:00001d5c       __amsg_exit                00402d5c f   LIBCMT:crt0dat.obj
 0001:00001d7a       __GET_RTERRMSG             00402d7a f   LIBCMT:crt0msg.obj
 0001:00001da0       __NMSG_WRITE               00402da0 f   LIBCMT:crt0msg.obj
 0001:00001f4f       __FF_MSGBANNER             00402f4f f   LIBCMT:crt0msg.obj
 0001:00001f88       __heap_init                00402f88 f   LIBCMT:heapinit.obj
 0001:00001fa6       __initp_heap_handler       00402fa6 f   LIBCMT:handler.obj
 0001:00001fb5       __callnewh                 00402fb5 f   LIBCMT:handler.obj
 0001:00001fdd       ?__CxxUnhandledExceptionFilter@@YGJPAU_EXCEPTION_POINTERS@@@Z 00402fdd f   LIBCMT:unhandld.obj
 0001:0000201f       ___CxxSetUnhandledExceptionFilter 0040301f f   LIBCMT:unhandld.obj
 0001:0000202d       __XcptFilter               0040302d f   LIBCMT:winxfltr.obj
 0001:00002177       __setenvp                  00403177 f   LIBCMT:stdenvp.obj
 0001:000023ed       __setargv                  004033ed f   LIBCMT:stdargv.obj
 0001:000024a8       ___crtGetEnvironmentStringsA 004034a8 f   LIBCMT:a_env.obj
 0001:0000253f       __ioinit                   0040353f f   LIBCMT:ioinit.obj
 0001:00002784       __RTC_Initialize           00403784 f   LIBCMT:_initsect_.obj
 0001:000027aa       __RTC_Terminate            004037aa f   LIBCMT:_initsect_.obj
 0001:000027d0       __encoded_null             004037d0 f   LIBCMT:tidtable.obj
 0001:000027d9       ___crtTlsAlloc@4           004037d9 f   LIBCMT:tidtable.obj
 0001:000027e2       ___set_flsgetvalue         004037e2 f   LIBCMT:tidtable.obj
 0001:00002816       __mtterm                   00403816 f   LIBCMT:tidtable.obj
 0001:00002853       __initptd                  00403853 f   LIBCMT:tidtable.obj
 0001:00002907       __getptd_noexit            00403907 f   LIBCMT:tidtable.obj
 0001:00002980       __getptd                   00403980 f   LIBCMT:tidtable.obj
 0001:0000299a       __freefls@4                0040399a f   LIBCMT:tidtable.obj
 0001:00002ac9       __mtinit                   00403ac9 f   LIBCMT:tidtable.obj
 0001:00002c44       ___security_init_cookie    00403c44 f   LIBCMT:gs_support.obj
 0001:00002cdf       __malloc_crt               00403cdf f   LIBCMT:crtheap.obj
 0001:00002d24       __calloc_crt               00403d24 f   LIBCMT:crtheap.obj
 0001:00002d70       __realloc_crt              00403d70 f   LIBCMT:crtheap.obj
 0001:00002dbe       _free                      00403dbe f   LIBCMT:free.obj
 0001:00002df8       __fcloseall                00403df8 f   LIBCMT:closeall.obj
 0001:00002e94       __flush                    00403e94 f   LIBCMT:fflush.obj
 0001:00002efc       __fflush_nolock            00403efc f   LIBCMT:fflush.obj
 0001:0000301e       __flushall                 0040401e f   LIBCMT:fflush.obj
 0001:00003027       __mtinitlocks              00404027 f   LIBCMT:mlock.obj
 0001:00003071       __mtdeletelocks            00404071 f   LIBCMT:mlock.obj
 0001:000030c8       __unlock                   004040c8 f   LIBCMT:mlock.obj
 0001:000030df       __mtinitlocknum            004040df f   LIBCMT:mlock.obj
 0001:000031a1       __lock                     004041a1 f   LIBCMT:mlock.obj
 0001:000031d4       __isatty                   004041d4 f   LIBCMT:isatty.obj
 0001:0000322a       __fileno                   0040422a f   LIBCMT:fileno.obj
 0001:00003473       ___updatetmbcinfo          00404473 f   LIBCMT:mbctype.obj
 0001:00003593       __setmbcp_nolock           00404593 f   LIBCMT:mbctype.obj
 0001:0000377c       __setmbcp                  0040477c f   LIBCMT:mbctype.obj
 0001:00003916       ___initmbctable            00404916 f   LIBCMT:mbctype.obj
 0001:00003934       ___addlocaleref            00404934 f   LIBCMT:localref.obj
 0001:000039c3       ___removelocaleref         004049c3 f   LIBCMT:localref.obj
 0001:00003a5c       ___freetlocinfo            00404a5c f   LIBCMT:localref.obj
 0001:00003ba7       __updatetlocinfoEx_nolock  00404ba7 f   LIBCMT:localref.obj
 0001:00003bf4       ___updatetlocinfo          00404bf4 f   LIBCMT:localref.obj
 0001:00003c6d       __flsbuf                   00404c6d f   LIBCMT:_flsbuf.obj
 0001:00003dd1       __initp_misc_cfltcvt_tab   00404dd1 f   LIBCMT:cmiscdat.obj
 0001:00003e00       _strlen                    00404e00 f   LIBCMT:strlen.obj
 0001:00003e8b       __wctomb_s_l               00404e8b f   LIBCMT:wctomb.obj
 0001:00003fe0       _wctomb_s                  00404fe0 f   LIBCMT:wctomb.obj
 0001:00003ffd       __isleadbyte_l             00404ffd f i LIBCMT:_wctype.obj
 0001:00004035       _isleadbyte                00405035 f i LIBCMT:_wctype.obj
 0001:00004048       @__security_check_cookie@4 00405048 f   LIBCMT:secchk.obj
 0001:00004060       __aulldvrm                 00405060 f   LIBCMT:ulldvrm.obj
 0001:000040f5       __crt_debugger_hook        004050f5 f   LIBCMT:dbghook.obj
 0001:00004100       _memset                    00405100 f   LIBCMT:memset.obj
 0001:00004180       __local_unwind4            00405180 f   LIBCMT:exsup4.obj
 0001:00004256       __seh_longjmp_unwind4@4    00405256 f   LIBCMT:exsup4.obj
 0001:00004272       @_EH4_CallFilterFunc@8     00405272 f   LIBCMT:exsup4.obj
 0001:00004289       @_EH4_TransferToHandler@8  00405289 f   LIBCMT:exsup4.obj
 0001:000042a2       @_EH4_GlobalUnwind2@8      004052a2 f   LIBCMT:exsup4.obj
 0001:000042bb       @_EH4_LocalUnwind@16       004052bb f   LIBCMT:exsup4.obj
 0001:000042e0       __ValidateImageBase        004052e0 f   LIBCMT:pesect.obj
 0001:00004320       __FindPESection            00405320 f   LIBCMT:pesect.obj
 0001:00004370       __IsNonwritableInCurrentImage 00405370 f   LIBCMT:pesect.obj
 0001:0000442c       ?terminate@@YAXXZ          0040542c f   LIBCMT:hooks.obj
 0001:00004465       __initp_eh_hooks           00405465 f   LIBCMT:hooks.obj
 0001:00004476       __initp_misc_winsig        00405476 f   LIBCMT:winsig.obj
 0001:000044cb       ___get_sigabrt             004054cb f   LIBCMT:winsig.obj
 0001:000044d8       _raise                     004054d8 f   LIBCMT:winsig.obj
 0001:0000467b       __initp_misc_rand_s        0040567b f   LIBCMT:rand_s.obj
 0001:0000468a       __initp_misc_purevirt      0040568a f   LIBCMT:inithelp.obj
 0001:0000474f       ___onexitinit              0040574f f   LIBCMT:onexit.obj
 0001:00004780       __onexit                   00405780 f   LIBCMT:onexit.obj
 0001:000047bc       _atexit                    004057bc f   LIBCMT:onexit.obj
 0001:000047d3       ___crtMessageBoxW          004057d3 f   LIBCMT:crtmboxw.obj
 0001:0000493f       _wcscat_s                  0040593f f   LIBCMT:wcscat_s.obj
 0001:000049b4       _wcsncpy_s                 004059b4 f   LIBCMT:wcsncpy_s.obj
 0001:00004a81       _wcslen                    00405a81 f   LIBCMT:wcslen.obj
 0001:00004a9c       _wcscpy_s                  00405a9c f   LIBCMT:wcscpy_s.obj
 0001:00004aff       __set_error_mode           00405aff f   LIBCMT:errmode.obj
 0001:00004b3e       _strcpy_s                  00405b3e f   LIBCMT:strcpy_s.obj
 0001:00004bf0       __ismbblead                00405bf0 f   LIBCMT:ismbbyte.obj
 0001:00004c08       __calloc_impl              00405c08 f   LIBCMT:calloc_impl.obj
 0001:00004c8a       _realloc                   00405c8a f   LIBCMT:realloc.obj
 0001:00004d37       __fclose_nolock            00405d37 f   LIBCMT:fclose.obj
 0001:00004da4       _fclose                    00405da4 f   LIBCMT:fclose.obj
 0001:00004e18       __write_nolock             00405e18 f   LIBCMT:write.obj
 0001:00005515       __write                    00406515 f   LIBCMT:write.obj
 0001:000055e9       __commit                   004065e9 f   LIBCMT:commit.obj
 0001:000056c2       __freea                    004066c2 f i LIBCMT:a_map.obj
 0001:000058c9       ___crtLCMapStringA         004068c9 f   LIBCMT:a_map.obj
 0001:000059f6       ___crtGetStringTypeA       004069f6 f   LIBCMT:a_str.obj
 0001:00005a36       ___free_lc_time            00406a36 f   LIBCMT:inittime.obj
 0001:00005dad       ___free_lconv_num          00406dad f   LIBCMT:initnum.obj
 0001:00005e16       ___free_lconv_mon          00406e16 f   LIBCMT:initmon.obj
 0001:00005f14       __lseeki64_nolock          00406f14 f   LIBCMT:lseeki64.obj
 0001:00005f99       __lseeki64                 00406f99 f   LIBCMT:lseeki64.obj
 0001:00006083       __getbuf                   00407083 f   LIBCMT:_getbuf.obj
 0001:000060cc       __fptrap                   004070cc f   LIBCMT:crt0fp.obj
 0001:000060d5       ___report_gsfailure        004070d5 f   LIBCMT:gs_report.obj
 0001:000061db       __VEC_memzero              004071db f   LIBCMT:p4_memset.obj
 0001:00006295       ___sse2_available_init     00407295 f   LIBCMT:cpu_disp.obj
 0001:000062b0       __global_unwind2           004072b0 f   LIBCMT:exsup.obj
 0001:00006315       __local_unwind2            00407315 f   LIBCMT:exsup.obj
 0001:00006399       __abnormal_termination     00407399 f   LIBCMT:exsup.obj
 0001:000063bc       __NLG_Notify1              004073bc f   LIBCMT:exsup.obj
 0001:000063c5       __NLG_Notify               004073c5 f   LIBCMT:exsup.obj
 0001:000063dc       __NLG_Dispatch2            004073dc     LIBCMT:exsup.obj
 0001:000063dc       __NLG_Dispatch             004073dc     LIBCMT:exsup.obj
 0001:000063e4       __NLG_Call                 004073e4 f   LIBCMT:exsup.obj
 0001:000063e6       __NLG_Return2              004073e6     LIBCMT:exsup.obj
 0001:000063e7       _abort                     004073e7 f   LIBCMT:abort.obj
 0001:00006420       _memcpy                    00407420 f   LIBCMT:memcpy.obj
 0001:00006781       __msize                    00407781 f   LIBCMT:msize.obj
 0001:000067b4       __close_nolock             004077b4 f   LIBCMT:close.obj
 0001:00006850       __close                    00407850 f   LIBCMT:close.obj
 0001:00006914       __freebuf                  00407914 f   LIBCMT:_freebuf.obj
 0001:00006945       __putwch_nolock            00407945 f   LIBCMT:putwch.obj
 0001:00006987       __mbtowc_l                 00407987 f   LIBCMT:mbtowc.obj
 0001:00006a9d       _mbtowc                    00407a9d f   LIBCMT:mbtowc.obj
 0001:00006ac0       __alloca_probe             00407ac0     LIBCMT:chkstk.obj
 0001:00006ac0       __chkstk                   00407ac0 f   LIBCMT:chkstk.obj
 0001:00006aeb       __free_osfhnd              00407aeb f   LIBCMT:osfinfo.obj
 0001:00006b71       __get_osfhandle            00407b71 f   LIBCMT:osfinfo.obj
 0001:00006bda       ___lock_fhandle            00407bda f   LIBCMT:osfinfo.obj
 0001:00006c79       __unlock_fhandle           00407c79 f   LIBCMT:osfinfo.obj
 0001:00006ca0       __alloca_probe_16          00407ca0 f   LIBCMT:alloca16.obj
 0001:00006cb6       __alloca_probe_8           00407cb6     LIBCMT:alloca16.obj
 0001:00006ccc       __VEC_memcpy               00407ccc f   LIBCMT:p4_memcpy.obj
 0001:00006dcf       ___initconout              00407dcf f   LIBCMT:initcon.obj
 0001:00006dee       ___termconout              00407dee f   LIBCMT:initcon.obj
 0001:00006e10       _strcspn                   00407e10 f   LIBCMT:strcspn.obj
 0001:00006e60       _strcmp                    00407e60 f   LIBCMT:strcmp.obj
 0001:00006ef0       _strpbrk                   00407ef0 f   LIBCMT:strpbrk.obj
 0001:00006f30       ___ascii_strnicmp          00407f30 f   LIBCMT:_strnicm.obj
 0001:00006fa0       __allmul                   00407fa0 f   LIBCMT:llmul.obj
 0001:00006fd4       _RtlUnwind@16              00407fd4 f   kernel32:KERNEL32.dll
 0002:00000000       __imp__HeapAlloc@12        00408000     kernel32:KERNEL32.dll
 0002:00000004       __imp__GetCommandLineA@0   00408004     kernel32:KERNEL32.dll
 0002:00000008       __imp__HeapSetInformation@16 00408008     kernel32:KERNEL32.dll
 0002:0000000c       __imp__EnterCriticalSection@4 0040800c     kernel32:KERNEL32.dll
 0002:00000010       __imp__LeaveCriticalSection@4 00408010     kernel32:KERNEL32.dll
 0002:00000014       __imp__DecodePointer@4     00408014     kernel32:KERNEL32.dll
 0002:00000018       __imp__UnhandledExceptionFilter@4 00408018     kernel32:KERNEL32.dll
 0002:0000001c       __imp__SetUnhandledExceptionFilter@4 0040801c     kernel32:KERNEL32.dll
 0002:00000020       __imp__IsDebuggerPresent@0 00408020     kernel32:KERNEL32.dll
 0002:00000024       __imp__EncodePointer@4     00408024     kernel32:KERNEL32.dll
 0002:00000028       __imp__TerminateProcess@8  00408028     kernel32:KERNEL32.dll
 0002:0000002c       __imp__GetCurrentProcess@0 0040802c     kernel32:KERNEL32.dll
 0002:00000030       __imp__GetProcAddress@8    00408030     kernel32:KERNEL32.dll
 0002:00000034       __imp__GetModuleHandleW@4  00408034     kernel32:KERNEL32.dll
 0002:00000038       __imp__ExitProcess@4       00408038     kernel32:KERNEL32.dll
 0002:0000003c       __imp__WriteFile@20        0040803c     kernel32:KERNEL32.dll
 0002:00000040       __imp__GetStdHandle@4      00408040     kernel32:KERNEL32.dll
 0002:00000044       __imp__GetModuleFileNameW@12 00408044     kernel32:KERNEL32.dll
 0002:00000048       __imp__HeapCreate@12       00408048     kernel32:KERNEL32.dll
 0002:0000004c       __imp__GetModuleFileNameA@12 0040804c     kernel32:KERNEL32.dll
 0002:00000050       __imp__FreeEnvironmentStringsW@4 00408050     kernel32:KERNEL32.dll
 0002:00000054       __imp__WideCharToMultiByte@32 00408054     kernel32:KERNEL32.dll
 0002:00000058       __imp__GetEnvironmentStringsW@0 00408058     kernel32:KERNEL32.dll
 0002:0000005c       __imp__SetHandleCount@4    0040805c     kernel32:KERNEL32.dll
 0002:00000060       __imp__InitializeCriticalSectionAndSpinCount@8 00408060     kernel32:KERNEL32.dll
 0002:00000064       __imp__GetFileType@4       00408064     kernel32:KERNEL32.dll
 0002:00000068       __imp__GetStartupInfoW@4   00408068     kernel32:KERNEL32.dll
 0002:0000006c       __imp__DeleteCriticalSection@4 0040806c     kernel32:KERNEL32.dll
 0002:00000070       __imp__TlsAlloc@0          00408070     kernel32:KERNEL32.dll
 0002:00000074       __imp__TlsGetValue@4       00408074     kernel32:KERNEL32.dll
 0002:00000078       __imp__TlsSetValue@8       00408078     kernel32:KERNEL32.dll
 0002:0000007c       __imp__TlsFree@4           0040807c     kernel32:KERNEL32.dll
 0002:00000080       __imp__InterlockedIncrement@4 00408080     kernel32:KERNEL32.dll
 0002:00000084       __imp__SetLastError@4      00408084     kernel32:KERNEL32.dll
 0002:00000088       __imp__GetCurrentThreadId@0 00408088     kernel32:KERNEL32.dll
 0002:0000008c       __imp__GetLastError@0      0040808c     kernel32:KERNEL32.dll
 0002:00000090       __imp__InterlockedDecrement@4 00408090     kernel32:KERNEL32.dll
 0002:00000094       __imp__QueryPerformanceCounter@4 00408094     kernel32:KERNEL32.dll
 0002:00000098       __imp__GetTickCount@0      00408098     kernel32:KERNEL32.dll
 0002:0000009c       __imp__GetCurrentProcessId@0 0040809c     kernel32:KERNEL32.dll
 0002:000000a0       __imp__GetSystemTimeAsFileTime@4 004080a0     kernel32:KERNEL32.dll
 0002:000000a4       __imp__Sleep@4             004080a4     kernel32:KERNEL32.dll
 0002:000000a8       __imp__HeapFree@12         004080a8     kernel32:KERNEL32.dll
 0002:000000ac       __imp__GetCPInfo@8         004080ac     kernel32:KERNEL32.dll
 0002:000000b0       __imp__GetACP@0            004080b0     kernel32:KERNEL32.dll
 0002:000000b4       __imp__GetOEMCP@0          004080b4     kernel32:KERNEL32.dll
 0002:000000b8       __imp__IsValidCodePage@4   004080b8     kernel32:KERNEL32.dll
 0002:000000bc       __imp__RtlUnwind@16        004080bc     kernel32:KERNEL32.dll
 0002:000000c0       __imp__LoadLibraryW@4      004080c0     kernel32:KERNEL32.dll
 0002:000000c4       __imp__HeapReAlloc@16      004080c4     kernel32:KERNEL32.dll
 0002:000000c8       __imp__GetConsoleCP@0      004080c8     kernel32:KERNEL32.dll
 0002:000000cc       __imp__GetConsoleMode@8    004080cc     kernel32:KERNEL32.dll
 0002:000000d0       __imp__FlushFileBuffers@4  004080d0     kernel32:KERNEL32.dll
 0002:000000d4       __imp__LCMapStringW@24     004080d4     kernel32:KERNEL32.dll
 0002:000000d8       __imp__MultiByteToWideChar@24 004080d8     kernel32:KERNEL32.dll
 0002:000000dc       __imp__GetStringTypeW@16   004080dc     kernel32:KERNEL32.dll
 0002:000000e0       __imp__SetFilePointer@16   004080e0     kernel32:KERNEL32.dll
 0002:000000e4       __imp__IsProcessorFeaturePresent@4 004080e4     kernel32:KERNEL32.dll
 0002:000000e8       __imp__HeapSize@12         004080e8     kernel32:KERNEL32.dll
 0002:000000ec       __imp__CloseHandle@4       004080ec     kernel32:KERNEL32.dll
 0002:000000f0       __imp__WriteConsoleW@20    004080f0     kernel32:KERNEL32.dll
 0002:000000f4       __imp__SetStdHandle@8      004080f4     kernel32:KERNEL32.dll
 0002:000000f8       __imp__CreateFileW@28      004080f8     kernel32:KERNEL32.dll
 0002:000000fc       \177KERNEL32_NULL_THUNK_DATA 004080fc     kernel32:KERNEL32.dll
 0002:00000100       ___xc_a                    00408100     LIBCMT:crt0init.obj
 0002:00000104       ___xc_z                    00408104     LIBCMT:crt0init.obj
 0002:00000108       ___xi_a                    00408108     LIBCMT:crt0init.obj
 0002:00000120       ___xi_z                    00408120     LIBCMT:crt0init.obj
 0002:00000124       ___xp_a                    00408124     LIBCMT:crt0init.obj
 0002:00000130       ___xp_z                    00408130     LIBCMT:crt0init.obj
 0002:00000134       ___xt_a                    00408134     LIBCMT:crt0init.obj
 0002:00000138       ___xt_z                    00408138     LIBCMT:crt0init.obj
 0002:00000140       ??_C@_1O@CEDCILHN@?$AA?$CI?$AAn?$AAu?$AAl?$AAl?$AA?$CJ?$AA?$AA@ 00408140     LIBCMT:output.obj
 0002:00000150       ??_C@_06OJHGLDPL@?$CInull?$CJ?$AA@ 00408150     LIBCMT:output.obj
 0002:00000158       ___lookuptable             00408158     LIBCMT:output.obj
 0002:000001b4       ??_C@_0P@MIGLKIOC@CorExitProcess?$AA@ 004081b4     LIBCMT:crt0dat.obj
 0002:000001c4       ??_C@_1BI@BGOHAHKC@?$AAm?$AAs?$AAc?$AAo?$AAr?$AAe?$AAe?$AA?4?$AAd?$AAl?$AAl?$AA?$AA@ 004081c4     LIBCMT:crt0dat.obj
 0002:000001dc       ??_C@_1BO@BKOMIGKJ@?$AAr?$AAu?$AAn?$AAt?$AAi?$AAm?$AAe?$AA?5?$AAe?$AAr?$AAr?$AAo?$AAr?$AA?5?$AA?$AA@ 004081dc     LIBCMT:crt0msg.obj
 0002:000001fc       ??_C@_15JNBOKNOG@?$AA?$AN?$AA?6?$AA?$AA@ 004081fc     LIBCMT:crt0msg.obj
 0002:00000204       ??_C@_1BM@JBBEPPHI@?$AAT?$AAL?$AAO?$AAS?$AAS?$AA?5?$AAe?$AAr?$AAr?$AAo?$AAr?$AA?$AN?$AA?6?$AA?$AA@ 00408204     LIBCMT:crt0msg.obj
 0002:00000220       ??_C@_1BK@KMOMNAAI@?$AAS?$AAI?$AAN?$AAG?$AA?5?$AAe?$AAr?$AAr?$AAo?$AAr?$AA?$AN?$AA?6?$AA?$AA@ 00408220     LIBCMT:crt0msg.obj
 0002:0000023c       ??_C@_1BO@BFCDCGC@?$AAD?$AAO?$AAM?$AAA?$AAI?$AAN?$AA?5?$AAe?$AAr?$AAr?$AAo?$AAr?$AA?$AN?$AA?6?$AA?$AA@ 0040823c     LIBCMT:crt0msg.obj
 0002:00000260       ??_C@_1BOO@KGEDBGAJ@?$AAR?$AA6?$AA0?$AA3?$AA3?$AA?$AN?$AA?6?$AA?9?$AA?5?$AAA?$AAt?$AAt?$AAe?$AAm?$AAp?$AAt?$AA?5?$AAt?$AAo?$AA?5?$AAu?$AAs?$AAe?$AA?5?$AAM?$AAS?$AAI?$AAL?$AA?5?$AAc?$AAo?$AAd@ 00408260     LIBCMT:crt0msg.obj
 0002:00000450       ??_C@_1GG@GOPILAJP@?$AAR?$AA6?$AA0?$AA3?$AA2?$AA?$AN?$AA?6?$AA?9?$AA?5?$AAn?$AAo?$AAt?$AA?5?$AAe?$AAn?$AAo?$AAu?$AAg?$AAh?$AA?5?$AAs?$AAp?$AAa?$AAc?$AAe?$AA?5?$AAf?$AAo?$AAr?$AA?5?$AAl?$AAo@ 00408450     LIBCMT:crt0msg.obj
 0002:000004b8       ??_C@_1MG@ENCOOIDF@?$AAR?$AA6?$AA0?$AA3?$AA1?$AA?$AN?$AA?6?$AA?9?$AA?5?$AAA?$AAt?$AAt?$AAe?$AAm?$AAp?$AAt?$AA?5?$AAt?$AAo?$AA?5?$AAi?$AAn?$AAi?$AAt?$AAi?$AAa?$AAl?$AAi?$AAz?$AAe?$AA?5?$AAt@ 004084b8     LIBCMT:crt0msg.obj
 0002:00000580       ??_C@_1DO@BMFCDCD@?$AAR?$AA6?$AA0?$AA3?$AA0?$AA?$AN?$AA?6?$AA?9?$AA?5?$AAC?$AAR?$AAT?$AA?5?$AAn?$AAo?$AAt?$AA?5?$AAi?$AAn?$AAi?$AAt?$AAi?$AAa?$AAl?$AAi?$AAz?$AAe?$AAd?$AA?$AN?$AA?6?$AA?$AA@ 00408580     LIBCMT:crt0msg.obj
 0002:000005c0       ??_C@_1EK@HHFLMAOL@?$AAR?$AA6?$AA0?$AA2?$AA8?$AA?$AN?$AA?6?$AA?9?$AA?5?$AAu?$AAn?$AAa?$AAb?$AAl?$AAe?$AA?5?$AAt?$AAo?$AA?5?$AAi?$AAn?$AAi?$AAt?$AAi?$AAa?$AAl?$AAi?$AAz?$AAe?$AA?5?$AAh?$AAe@ 004085c0     LIBCMT:crt0msg.obj
 0002:00000610       ??_C@_1GK@MFGOKLAG@?$AAR?$AA6?$AA0?$AA2?$AA7?$AA?$AN?$AA?6?$AA?9?$AA?5?$AAn?$AAo?$AAt?$AA?5?$AAe?$AAn?$AAo?$AAu?$AAg?$AAh?$AA?5?$AAs?$AAp?$AAa?$AAc?$AAe?$AA?5?$AAf?$AAo?$AAr?$AA?5?$AAl?$AAo@ 00408610     LIBCMT:crt0msg.obj
 0002:00000680       ??_C@_1GK@MCAAGJMO@?$AAR?$AA6?$AA0?$AA2?$AA6?$AA?$AN?$AA?6?$AA?9?$AA?5?$AAn?$AAo?$AAt?$AA?5?$AAe?$AAn?$AAo?$AAu?$AAg?$AAh?$AA?5?$AAs?$AAp?$AAa?$AAc?$AAe?$AA?5?$AAf?$AAo?$AAr?$AA?5?$AAs?$AAt@ 00408680     LIBCMT:crt0msg.obj
 0002:000006f0       ??_C@_1EM@MAADIHMB@?$AAR?$AA6?$AA0?$AA2?$AA5?$AA?$AN?$AA?6?$AA?9?$AA?5?$AAp?$AAu?$AAr?$AAe?$AA?5?$AAv?$AAi?$AAr?$AAt?$AAu?$AAa?$AAl?$AA?5?$AAf?$AAu?$AAn?$AAc?$AAt?$AAi?$AAo?$AAn?$AA?5?$AAc@ 004086f0     LIBCMT:crt0msg.obj
 0002:00000740       ??_C@_1GK@FHCKBEFA@?$AAR?$AA6?$AA0?$AA2?$AA4?$AA?$AN?$AA?6?$AA?9?$AA?5?$AAn?$AAo?$AAt?$AA?5?$AAe?$AAn?$AAo?$AAu?$AAg?$AAh?$AA?5?$AAs?$AAp?$AAa?$AAc?$AAe?$AA?5?$AAf?$AAo?$AAr?$AA?5?$AA_?$AAo@ 00408740     LIBCMT:crt0msg.obj
 0002:000007b0       ??_C@_1FC@ECHBIFBC@?$AAR?$AA6?$AA0?$AA1?$AA9?$AA?$AN?$AA?6?$AA?9?$AA?5?$AAu?$AAn?$AAa?$AAb?$AAl?$AAe?$AA?5?$AAt?$AAo?$AA?5?$AAo?$AAp?$AAe?$AAn?$AA?5?$AAc?$AAo?$AAn?$AAs?$AAo?$AAl?$AAe?$AA?5@ 004087b0     LIBCMT:crt0msg.obj
 0002:00000808       ??_C@_1EC@JIBHAOPH@?$AAR?$AA6?$AA0?$AA1?$AA8?$AA?$AN?$AA?6?$AA?9?$AA?5?$AAu?$AAn?$AAe?$AAx?$AAp?$AAe?$AAc?$AAt?$AAe?$AAd?$AA?5?$AAh?$AAe?$AAa?$AAp?$AA?5?$AAe?$AAr?$AAr?$AAo?$AAr?$AA?$AN?$AA?6@ 00408808     LIBCMT:crt0msg.obj
 0002:00000850       ??_C@_1FK@BEOGODMC@?$AAR?$AA6?$AA0?$AA1?$AA7?$AA?$AN?$AA?6?$AA?9?$AA?5?$AAu?$AAn?$AAe?$AAx?$AAp?$AAe?$AAc?$AAt?$AAe?$AAd?$AA?5?$AAm?$AAu?$AAl?$AAt?$AAi?$AAt?$AAh?$AAr?$AAe?$AAa?$AAd?$AA?5@ 00408850     LIBCMT:crt0msg.obj
 0002:000008b0       ??_C@_1FI@LOGNIKDM@?$AAR?$AA6?$AA0?$AA1?$AA6?$AA?$AN?$AA?6?$AA?9?$AA?5?$AAn?$AAo?$AAt?$AA?5?$AAe?$AAn?$AAo?$AAu?$AAg?$AAh?$AA?5?$AAs?$AAp?$AAa?$AAc?$AAe?$AA?5?$AAf?$AAo?$AAr?$AA?5?$AAt?$AAh@ 004088b0     LIBCMT:crt0msg.obj
 0002:00000908       ??_C@_1EG@BEHAGFJD@?$AAR?$AA6?$AA0?$AA1?$AA0?$AA?$AN?$AA?6?$AA?9?$AA?5?$AAa?$AAb?$AAo?$AAr?$AAt?$AA?$CI?$AA?$CJ?$AA?5?$AAh?$AAa?$AAs?$AA?5?$AAb?$AAe?$AAe?$AAn?$AA?5?$AAc?$AAa?$AAl?$AAl?$AAe?$AAd@ 00408908     LIBCMT:crt0msg.obj
 0002:00000950       ??_C@_1FI@HONFMGBI@?$AAR?$AA6?$AA0?$AA0?$AA9?$AA?$AN?$AA?6?$AA?9?$AA?5?$AAn?$AAo?$AAt?$AA?5?$AAe?$AAn?$AAo?$AAu?$AAg?$AAh?$AA?5?$AAs?$AAp?$AAa?$AAc?$AAe?$AA?5?$AAf?$AAo?$AAr?$AA?5?$AAe?$AAn@ 00408950     LIBCMT:crt0msg.obj
 0002:000009a8       ??_C@_1FE@LLNEDJMD@?$AAR?$AA6?$AA0?$AA0?$AA8?$AA?$AN?$AA?6?$AA?9?$AA?5?$AAn?$AAo?$AAt?$AA?5?$AAe?$AAn?$AAo?$AAu?$AAg?$AAh?$AA?5?$AAs?$AAp?$AAa?$AAc?$AAe?$AA?5?$AAf?$AAo?$AAr?$AA?5?$AAa?$AAr@ 004089a8     LIBCMT:crt0msg.obj
 0002:00000a00       ??_C@_1FK@PGACCAFB@?$AAR?$AA6?$AA0?$AA0?$AA2?$AA?$AN?$AA?6?$AA?9?$AA?5?$AAf?$AAl?$AAo?$AAa?$AAt?$AAi?$AAn?$AAg?$AA?5?$AAp?$AAo?$AAi?$AAn?$AAt?$AA?5?$AAs?$AAu?$AAp?$AAp?$AAo?$AAr?$AAt?$AA?5@ 00408a00     LIBCMT:crt0msg.obj
 0002:00000b10       ??_C@_1EK@MBDPDCGA@?$AAM?$AAi?$AAc?$AAr?$AAo?$AAs?$AAo?$AAf?$AAt?$AA?5?$AAV?$AAi?$AAs?$AAu?$AAa?$AAl?$AA?5?$AAC?$AA?$CL?$AA?$CL?$AA?5?$AAR?$AAu?$AAn?$AAt?$AAi?$AAm?$AAe?$AA?5?$AAL?$AAi?$AAb@ 00408b10     LIBCMT:crt0msg.obj
 0002:00000b5c       ??_C@_15IABLJNFO@?$AA?6?$AA?6?$AA?$AA@ 00408b5c     LIBCMT:crt0msg.obj
 0002:00000b64       ??_C@_17LGKOMLJ@?$AA?4?$AA?4?$AA?4?$AA?$AA@ 00408b64     LIBCMT:crt0msg.obj
 0002:00000b6c       ??_C@_1CO@EAEJAADC@?$AA?$DM?$AAp?$AAr?$AAo?$AAg?$AAr?$AAa?$AAm?$AA?5?$AAn?$AAa?$AAm?$AAe?$AA?5?$AAu?$AAn?$AAk?$AAn?$AAo?$AAw?$AAn?$AA?$DO?$AA?$AA@ 00408b6c     LIBCMT:crt0msg.obj
 0002:00000b9c       ??_C@_1DE@JNGNBFGO@?$AAR?$AAu?$AAn?$AAt?$AAi?$AAm?$AAe?$AA?5?$AAE?$AAr?$AAr?$AAo?$AAr?$AA?$CB?$AA?6?$AA?6?$AAP?$AAr?$AAo?$AAg?$AAr?$AAa?$AAm?$AA?3?$AA?5?$AA?$AA@ 00408b9c     LIBCMT:crt0msg.obj
 0002:00000bd0       __XcptActTab               00408bd0     LIBCMT:winxfltr.obj
 0002:00000c60       __First_FPE_Indx           00408c60     LIBCMT:winxfltr.obj
 0002:00000c64       __Num_FPE                  00408c64     LIBCMT:winxfltr.obj
 0002:00000c68       __XcptActTabSize           00408c68     LIBCMT:winxfltr.obj
 0002:00000c6c       __XcptActTabCount          00408c6c     LIBCMT:winxfltr.obj
 0002:00000c70       ??_C@_1BK@DBDEIDLH@?$AAK?$AAE?$AAR?$AAN?$AAE?$AAL?$AA3?$AA2?$AA?4?$AAD?$AAL?$AAL?$AA?$AA@ 00408c70     LIBCMT:tidtable.obj
 0002:00000c8c       ??_C@_07PEJMOBNF@FlsFree?$AA@ 00408c8c     LIBCMT:tidtable.obj
 0002:00000c94       ??_C@_0M@JCPCPOEF@FlsSetValue?$AA@ 00408c94     LIBCMT:tidtable.obj
 0002:00000ca0       ??_C@_0M@GDNOONDI@FlsGetValue?$AA@ 00408ca0     LIBCMT:tidtable.obj
 0002:00000cac       ??_C@_08KNHFBNJ@FlsAlloc?$AA@ 00408cac     LIBCMT:tidtable.obj
 0002:00000cb8       ??_C@_1BC@GDGBMEMK@?$AAH?$AAH?$AA?3?$AAm?$AAm?$AA?3?$AAs?$AAs?$AA?$AA@ 00408cb8     LIBCMT:nlsdata2.obj
 0002:00000ccc       ??_C@_1CI@KNAKOEBC@?$AAd?$AAd?$AAd?$AAd?$AA?0?$AA?5?$AAM?$AAM?$AAM?$AAM?$AA?5?$AAd?$AAd?$AA?0?$AA?5?$AAy?$AAy?$AAy?$AAy?$AA?$AA@ 00408ccc     LIBCMT:nlsdata2.obj
 0002:00000cf4       ??_C@_1BC@IEBCMHCM@?$AAM?$AAM?$AA?1?$AAd?$AAd?$AA?1?$AAy?$AAy?$AA?$AA@ 00408cf4     LIBCMT:nlsdata2.obj
 0002:00000d08       ??_C@_15CLMNNGEL@?$AAP?$AAM?$AA?$AA@ 00408d08     LIBCMT:nlsdata2.obj
 0002:00000d10       ??_C@_15ODEHAHHF@?$AAA?$AAM?$AA?$AA@ 00408d10     LIBCMT:nlsdata2.obj
 0002:00000d18       ??_C@_1BC@FEMKIFH@?$AAD?$AAe?$AAc?$AAe?$AAm?$AAb?$AAe?$AAr?$AA?$AA@ 00408d18     LIBCMT:nlsdata2.obj
 0002:00000d2c       ??_C@_1BC@BGLIFPF@?$AAN?$AAo?$AAv?$AAe?$AAm?$AAb?$AAe?$AAr?$AA?$AA@ 00408d2c     LIBCMT:nlsdata2.obj
 0002:00000d40       ??_C@_1BA@EPANDLNG@?$AAO?$AAc?$AAt?$AAo?$AAb?$AAe?$AAr?$AA?$AA@ 00408d40     LIBCMT:nlsdata2.obj
 0002:00000d50       ??_C@_1BE@DKAAMBJL@?$AAS?$AAe?$AAp?$AAt?$AAe?$AAm?$AAb?$AAe?$AAr?$AA?$AA@ 00408d50     LIBCMT:nlsdata2.obj
 0002:00000d64       ??_C@_1O@PAHLKOAC@?$AAA?$AAu?$AAg?$AAu?$AAs?$AAt?$AA?$AA@ 00408d64     LIBCMT:nlsdata2.obj
 0002:00000d74       ??_C@_19BIFMLPCD@?$AAJ?$AAu?$AAl?$AAy?$AA?$AA@ 00408d74     LIBCMT:nlsdata2.obj
 0002:00000d80       ??_C@_19EPFLPGAP@?$AAJ?$AAu?$AAn?$AAe?$AA?$AA@ 00408d80     LIBCMT:nlsdata2.obj
 0002:00000d8c       ??_C@_1M@GJNLMHFD@?$AAA?$AAp?$AAr?$AAi?$AAl?$AA?$AA@ 00408d8c     LIBCMT:nlsdata2.obj
 0002:00000d98       ??_C@_1M@IKEENEDF@?$AAM?$AAa?$AAr?$AAc?$AAh?$AA?$AA@ 00408d98     LIBCMT:nlsdata2.obj
 0002:00000da4       ??_C@_1BC@JGDDFFAM@?$AAF?$AAe?$AAb?$AAr?$AAu?$AAa?$AAr?$AAy?$AA?$AA@ 00408da4     LIBCMT:nlsdata2.obj
 0002:00000db8       ??_C@_1BA@EFMEIEBA@?$AAJ?$AAa?$AAn?$AAu?$AAa?$AAr?$AAy?$AA?$AA@ 00408db8     LIBCMT:nlsdata2.obj
 0002:00000dc8       ??_C@_17EGKACKIF@?$AAD?$AAe?$AAc?$AA?$AA@ 00408dc8     LIBCMT:nlsdata2.obj
 0002:00000dd0       ??_C@_17BBDMLCIG@?$AAN?$AAo?$AAv?$AA?$AA@ 00408dd0     LIBCMT:nlsdata2.obj
 0002:00000dd8       ??_C@_17FNLKOI@?$AAO?$AAc?$AAt?$AA?$AA@ 00408dd8     LIBCMT:nlsdata2.obj
 0002:00000de0       ??_C@_17HCHCOKMG@?$AAS?$AAe?$AAp?$AA?$AA@ 00408de0     LIBCMT:nlsdata2.obj
 0002:00000de8       ??_C@_17ICPELBCN@?$AAA?$AAu?$AAg?$AA?$AA@ 00408de8     LIBCMT:nlsdata2.obj
 0002:00000df0       ??_C@_17IJPCKHK@?$AAJ?$AAu?$AAl?$AA?$AA@ 00408df0     LIBCMT:nlsdata2.obj
 0002:00000df8       ??_C@_17KCJGOCPB@?$AAJ?$AAu?$AAn?$AA?$AA@ 00408df8     LIBCMT:nlsdata2.obj
 0002:00000e00       ??_C@_17PNNKMEED@?$AAM?$AAa?$AAy?$AA?$AA@ 00408e00     LIBCMT:nlsdata2.obj
 0002:00000e08       ??_C@_17LFPOIHDD@?$AAA?$AAp?$AAr?$AA?$AA@ 00408e08     LIBCMT:nlsdata2.obj
 0002:00000e10       ??_C@_17CKNLEDEC@?$AAM?$AAa?$AAr?$AA?$AA@ 00408e10     LIBCMT:nlsdata2.obj
 0002:00000e18       ??_C@_17LMDJEKJN@?$AAF?$AAe?$AAb?$AA?$AA@ 00408e18     LIBCMT:nlsdata2.obj
 0002:00000e20       ??_C@_17DKNBKCHM@?$AAJ?$AAa?$AAn?$AA?$AA@ 00408e20     LIBCMT:nlsdata2.obj
 0002:00000e28       ??_C@_1BC@ENMNNPAJ@?$AAS?$AAa?$AAt?$AAu?$AAr?$AAd?$AAa?$AAy?$AA?$AA@ 00408e28     LIBCMT:nlsdata2.obj
 0002:00000e3c       ??_C@_1O@PDICJHAG@?$AAF?$AAr?$AAi?$AAd?$AAa?$AAy?$AA?$AA@ 00408e3c     LIBCMT:nlsdata2.obj
 0002:00000e4c       ??_C@_1BC@HHMNLIHE@?$AAT?$AAh?$AAu?$AAr?$AAs?$AAd?$AAa?$AAy?$AA?$AA@ 00408e4c     LIBCMT:nlsdata2.obj
 0002:00000e60       ??_C@_1BE@EBOGMDOH@?$AAW?$AAe?$AAd?$AAn?$AAe?$AAs?$AAd?$AAa?$AAy?$AA?$AA@ 00408e60     LIBCMT:nlsdata2.obj
 0002:00000e74       ??_C@_1BA@ENFBFFEK@?$AAT?$AAu?$AAe?$AAs?$AAd?$AAa?$AAy?$AA?$AA@ 00408e74     LIBCMT:nlsdata2.obj
 0002:00000e84       ??_C@_1O@MMNBFLIA@?$AAM?$AAo?$AAn?$AAd?$AAa?$AAy?$AA?$AA@ 00408e84     LIBCMT:nlsdata2.obj
 0002:00000e94       ??_C@_1O@IHNHDHPB@?$AAS?$AAu?$AAn?$AAd?$AAa?$AAy?$AA?$AA@ 00408e94     LIBCMT:nlsdata2.obj
 0002:00000ea4       ??_C@_17GGIBDPIH@?$AAS?$AAa?$AAt?$AA?$AA@ 00408ea4     LIBCMT:nlsdata2.obj
 0002:00000eac       ??_C@_17HFOLPPLP@?$AAF?$AAr?$AAi?$AA?$AA@ 00408eac     LIBCMT:nlsdata2.obj
 0002:00000eb4       ??_C@_17PDPHAADD@?$AAT?$AAh?$AAu?$AA?$AA@ 00408eb4     LIBCMT:nlsdata2.obj
 0002:00000ebc       ??_C@_17CJEDCEPE@?$AAW?$AAe?$AAd?$AA?$AA@ 00408ebc     LIBCMT:nlsdata2.obj
 0002:00000ec4       ??_C@_17BMKGEGOJ@?$AAT?$AAu?$AAe?$AA?$AA@ 00408ec4     LIBCMT:nlsdata2.obj
 0002:00000ecc       ??_C@_17KBOMKBF@?$AAM?$AAo?$AAn?$AA?$AA@ 00408ecc     LIBCMT:nlsdata2.obj
 0002:00000ed4       ??_C@_17MBGCMIPB@?$AAS?$AAu?$AAn?$AA?$AA@ 00408ed4     LIBCMT:nlsdata2.obj
 0002:00000edc       ??_C@_08JCCMCCIL@HH?3mm?3ss?$AA@ 00408edc     LIBCMT:nlsdata2.obj
 0002:00000ee8       ??_C@_0BE@CKGJFCPC@dddd?0?5MMMM?5dd?0?5yyyy?$AA@ 00408ee8     LIBCMT:nlsdata2.obj
 0002:00000efc       ??_C@_08BPBNCDIB@MM?1dd?1yy?$AA@ 00408efc     LIBCMT:nlsdata2.obj
 0002:00000f08       ??_C@_02CJNFDJBF@PM?$AA@   00408f08     LIBCMT:nlsdata2.obj
 0002:00000f0c       ??_C@_02DEDBPAFC@AM?$AA@   00408f0c     LIBCMT:nlsdata2.obj
 0002:00000f10       ??_C@_08EDHMEBNP@December?$AA@ 00408f10     LIBCMT:nlsdata2.obj
 0002:00000f1c       ??_C@_08HCHEGEOA@November?$AA@ 00408f1c     LIBCMT:nlsdata2.obj
 0002:00000f28       ??_C@_07JJNFCEND@October?$AA@ 00408f28     LIBCMT:nlsdata2.obj
 0002:00000f30       ??_C@_09BHHEALKD@September?$AA@ 00408f30     LIBCMT:nlsdata2.obj
 0002:00000f3c       ??_C@_06LBBHFDDG@August?$AA@ 00408f3c     LIBCMT:nlsdata2.obj
 0002:00000f44       ??_C@_04MIEPOIFP@July?$AA@ 00408f44     LIBCMT:nlsdata2.obj
 0002:00000f4c       ??_C@_04CNLMGBGM@June?$AA@ 00408f4c     LIBCMT:nlsdata2.obj
 0002:00000f54       ??_C@_05DMJDNLEJ@April?$AA@ 00408f54     LIBCMT:nlsdata2.obj
 0002:00000f5c       ??_C@_05HPCKOFNC@March?$AA@ 00408f5c     LIBCMT:nlsdata2.obj
 0002:00000f64       ??_C@_08GNJGEPFN@February?$AA@ 00408f64     LIBCMT:nlsdata2.obj
 0002:00000f70       ??_C@_07CGJPFGJA@January?$AA@ 00408f70     LIBCMT:nlsdata2.obj
 0002:00000f78       ??_C@_03MKABNOCG@Dec?$AA@  00408f78     LIBCMT:nlsdata2.obj
 0002:00000f7c       ??_C@_03JPJOFNIA@Nov?$AA@  00408f7c     LIBCMT:nlsdata2.obj
 0002:00000f80       ??_C@_03BMAOKBAD@Oct?$AA@  00408f80     LIBCMT:nlsdata2.obj
 0002:00000f84       ??_C@_03GGCAPAJC@Sep?$AA@  00408f84     LIBCMT:nlsdata2.obj
 0002:00000f88       ??_C@_03IFJFEIGA@Aug?$AA@  00408f88     LIBCMT:nlsdata2.obj
 0002:00000f8c       ??_C@_03LBGABGKK@Jul?$AA@  00408f8c     LIBCMT:nlsdata2.obj
 0002:00000f90       ??_C@_03IDFGHECI@Jun?$AA@  00408f90     LIBCMT:nlsdata2.obj
 0002:00000f94       ??_C@_03CNMDKL@May?$AA@    00408f94     LIBCMT:nlsdata2.obj
 0002:00000f98       ??_C@_03LEOLGMJP@Apr?$AA@  00408f98     LIBCMT:nlsdata2.obj
 0002:00000f9c       ??_C@_03ODNJBKGA@Mar?$AA@  00408f9c     LIBCMT:nlsdata2.obj
 0002:00000fa0       ??_C@_03HJBDCHOM@Feb?$AA@  00408fa0     LIBCMT:nlsdata2.obj
 0002:00000fa4       ??_C@_03JIHJHPIE@Jan?$AA@  00408fa4     LIBCMT:nlsdata2.obj
 0002:00000fa8       ??_C@_08INBOOONO@Saturday?$AA@ 00408fa8     LIBCMT:nlsdata2.obj
 0002:00000fb4       ??_C@_06JECMNKMI@Friday?$AA@ 00408fb4     LIBCMT:nlsdata2.obj
 0002:00000fbc       ??_C@_08HACCIKIA@Thursday?$AA@ 00408fbc     LIBCMT:nlsdata2.obj
 0002:00000fc8       ??_C@_09DLIGFAKA@Wednesday?$AA@ 00408fc8     LIBCMT:nlsdata2.obj
 0002:00000fd4       ??_C@_07BAAGCFCM@Tuesday?$AA@ 00408fd4     LIBCMT:nlsdata2.obj
 0002:00000fdc       ??_C@_06JLEDEDGH@Monday?$AA@ 00408fdc     LIBCMT:nlsdata2.obj
 0002:00000fe4       ??_C@_06OOPIFAJ@Sunday?$AA@ 00408fe4     LIBCMT:nlsdata2.obj
 0002:00000fec       ??_C@_03FEFJNEK@Sat?$AA@   00408fec     LIBCMT:nlsdata2.obj
 0002:00000ff0       ??_C@_03IDIOELNC@Fri?$AA@  00408ff0     LIBCMT:nlsdata2.obj
 0002:00000ff4       ??_C@_03IOFIKPDN@Thu?$AA@  00408ff4     LIBCMT:nlsdata2.obj
 0002:00000ff8       ??_C@_03MHOMLAJA@Wed?$AA@  00408ff8     LIBCMT:nlsdata2.obj
 0002:00000ffc       ??_C@_03NAGEINEP@Tue?$AA@  00408ffc     LIBCMT:nlsdata2.obj
 0002:00001000       ??_C@_03PDAGKDH@Mon?$AA@   00409000     LIBCMT:nlsdata2.obj
 0002:00001004       ??_C@_03KOEHGMDN@Sun?$AA@  00409004     LIBCMT:nlsdata2.obj
 0002:00001008       ___lookuptable_s           00409008     LIBCMT:outputs.obj
 0002:00001064       ??_C@_0BI@DFKBFLJE@GetProcessWindowStation?$AA@ 00409064     LIBCMT:crtmboxw.obj
 0002:0000107c       ??_C@_0BK@DEKFELLI@GetUserObjectInformationW?$AA@ 0040907c     LIBCMT:crtmboxw.obj
 0002:00001098       ??_C@_0BD@HHGDFDBJ@GetLastActivePopup?$AA@ 00409098     LIBCMT:crtmboxw.obj
 0002:000010ac       ??_C@_0BA@HNOPNCHB@GetActiveWindow?$AA@ 004090ac     LIBCMT:crtmboxw.obj
 0002:000010bc       ??_C@_0M@DLDCCGNP@MessageBoxW?$AA@ 004090bc     LIBCMT:crtmboxw.obj
 0002:000010c8       ??_C@_1BG@GOEBHBDC@?$AAU?$AAS?$AAE?$AAR?$AA3?$AA2?$AA?4?$AAD?$AAL?$AAL?$AA?$AA@ 004090c8     LIBCMT:crtmboxw.obj
 0002:000010e0       ___newctype                004090e0     LIBCMT:ctype.obj
 0002:000013e0       __wctype                   004093e0     LIBCMT:ctype.obj
 0002:000015e8       ___newclmap                004095e8     LIBCMT:ctype.obj
 0002:00001768       ___newcumap                00409768     LIBCMT:ctype.obj
 0002:00001970       ??_C@_1BA@BALFACEM@?$AAC?$AAO?$AAN?$AAO?$AAU?$AAT?$AA$?$AA?$AA@ 00409970     LIBCMT:initcon.obj
 0002:00001980       __load_config_used         00409980     LIBCMT:loadcfg.obj
 0002:000019d0       ___safe_se_handler_table   004099d0     <linker-defined>
 0002:000019dc       ___rtc_iaa                 004099dc     LIBCMT:_initsect_.obj
 0002:000019e0       ___rtc_izz                 004099e0     LIBCMT:_initsect_.obj
 0002:000019e4       ___rtc_taa                 004099e4     LIBCMT:_initsect_.obj
 0002:000019e8       ___rtc_tzz                 004099e8     LIBCMT:_initsect_.obj
 0002:00001ca4       __IMPORT_DESCRIPTOR_KERNEL32 00409ca4     kernel32:KERNEL32.dll
 0002:00001cb8       __NULL_IMPORT_DESCRIPTOR   00409cb8     kernel32:KERNEL32.dll
 0003:000001bc       ___app_type                0040b1bc     LIBCMT:crt0.obj
 0003:000001c0       __iob                      0040b1c0     LIBCMT:_file.obj
 0003:00000440       ___nullstring              0040b440     LIBCMT:output.obj
 0003:00000444       ___wnullstring             0040b444     LIBCMT:output.obj
 0003:000005c0       ___security_cookie         0040b5c0     LIBCMT:gs_cookie.obj
 0003:000005c4       ___security_cookie_complement 0040b5c4     LIBCMT:gs_cookie.obj
 0003:000005c8       ___badioinfo               0040b5c8     LIBCMT:ioinit.obj
 0003:00000608       ___flsindex                0040b608     LIBCMT:tidtable.obj
 0003:0000060c       ___getvalueindex           0040b60c     LIBCMT:tidtable.obj
 0003:00000730       ___initialmbcinfo          0040b730     LIBCMT:mbctype.obj
 0003:00000950       __mbctype                  0040b950     LIBCMT:mbctype.obj
 0003:00000a58       __mbcasemap                0040ba58     LIBCMT:mbctype.obj
 0003:00000b58       ___ptmbcinfo               0040bb58     LIBCMT:mbctype.obj
 0003:00000c50       ___globallocalestatus      0040bc50     LIBCMT:glstatus.obj
 0003:00000c54       ___clocalestr              0040bc54     LIBCMT:nlsdata2.obj
 0003:00000c58       ___lc_time_c               0040bc58     LIBCMT:nlsdata2.obj
 0003:00000dc0       ___initiallocinfo          0040bdc0     LIBCMT:nlsdata2.obj
 0003:00000e98       ___ptlocinfo               0040be98     LIBCMT:nlsdata2.obj
 0003:00000e9c       __cfltcvt_tab              0040be9c     LIBCMT:cmiscdat.obj
 0003:00000ed0       ___lconv_static_decimal    0040bed0     LIBCMT:lconv.obj
 0003:00000ed4       ___lconv_static_W_decimal  0040bed4     LIBCMT:lconv.obj
 0003:00000ed8       ___lconv_c                 0040bed8     LIBCMT:lconv.obj
 0003:00000f28       ___lconv                   0040bf28     LIBCMT:lconv.obj
 0003:00000f2c       __pctype                   0040bf2c     LIBCMT:ctype.obj
 0003:00000f30       __pwctype                  0040bf30     LIBCMT:ctype.obj
 0003:00000f40       __NLG_Destination          0040bf40     LIBCMT:exsup.obj
 0003:00000f50       ___abort_behavior          0040bf50     LIBCMT:abort.obj
 0003:00000f64       __confh                    0040bf64     LIBCMT:initcon.obj
 0003:00000f68       ___mb_cur_max              0040bf68     LIBCMT:nlsdata1.obj
 0003:00000f6c       ___decimal_point           0040bf6c     LIBCMT:nlsdata1.obj
 0003:00000f70       ___decimal_point_length    0040bf70     LIBCMT:nlsdata1.obj
 0003:00000f84       __aenvptr                  0040bf84     LIBCMT:crt0.obj
 0003:00000f88       __wenvptr                  0040bf88     LIBCMT:crt0.obj
 0003:00000f8c       ___error_mode              0040bf8c     LIBCMT:crt0.obj
 0003:00000f90       __cflush                   0040bf90     LIBCMT:_file.obj
 0003:00000f94       __stdbuf                   0040bf94     LIBCMT:_sftbuf.obj
 0003:00000f9c       ___pInvalidArgHandler      0040bf9c     LIBCMT:invarg.obj
 0003:00000fa0       __umaskval                 0040bfa0     LIBCMT:crt0dat.obj
 0003:00000fa4       ___argc                    0040bfa4     LIBCMT:crt0dat.obj
 0003:00000fa8       ___argv                    0040bfa8     LIBCMT:crt0dat.obj
 0003:00000fac       ___wargv                   0040bfac     LIBCMT:crt0dat.obj
 0003:00000fb0       __environ                  0040bfb0     LIBCMT:crt0dat.obj
 0003:00000fb4       ___initenv                 0040bfb4     LIBCMT:crt0dat.obj
 0003:00000fb8       __wenviron                 0040bfb8     LIBCMT:crt0dat.obj
 0003:00000fbc       ___winitenv                0040bfbc     LIBCMT:crt0dat.obj
 0003:00000fc0       __pgmptr                   0040bfc0     LIBCMT:crt0dat.obj
 0003:00000fc4       __wpgmptr                  0040bfc4     LIBCMT:crt0dat.obj
 0003:00000fc8       __exitflag                 0040bfc8     LIBCMT:crt0dat.obj
 0003:00000fcc       __C_Termination_Done       0040bfcc     LIBCMT:crt0dat.obj
 0003:00000fd0       __C_Exit_Done              0040bfd0     LIBCMT:crt0dat.obj
 0003:00001600       __crtheap                  0040c600     LIBCMT:heapinit.obj
 0003:00001604       ?_pnhHeap@@3P6AHI@ZA       0040c604     LIBCMT:handler.obj
 0003:00001608       __newmode                  0040c608     LIBCMT:_newmode.obj
 0003:00001718       _gpFlsAlloc                0040c718     LIBCMT:tidtable.obj
 0003:0000171c       _gpFlsGetValue             0040c71c     LIBCMT:tidtable.obj
 0003:00001720       _gpFlsSetValue             0040c720     LIBCMT:tidtable.obj
 0003:00001724       _gpFlsFree                 0040c724     LIBCMT:tidtable.obj
 0003:00001728       __maxwait                  0040c728     LIBCMT:crtheap.obj
 0003:00001884       ___mbulinfo                0040c884     LIBCMT:mbctype.obj
 0003:00001890       ___mbcodepage              0040c890     LIBCMT:mbctype.obj
 0003:00001894       ___ismbcodepage            0040c894     LIBCMT:mbctype.obj
 0003:00001898       ___mblcid                  0040c898     LIBCMT:mbctype.obj
 0003:0000189c       ?__pInconsistency@@3P6AXXZA 0040c89c     LIBCMT:hooks.obj
 0003:000018b8       ___pPurecall               0040c8b8     LIBCMT:inithelp.obj
 0003:000018d0       ___lconv_static_null       0040c8d0     LIBCMT:lconv.obj
 0003:000018d4       ___lconv_static_W_null     0040c8d4     LIBCMT:lconv.obj
 0003:00001bfc       ___locale_changed          0040cbfc     LIBCMT:setlocal.obj
 0003:00001c00       ___sse2_available          0040cc00     <common>
 0003:00001c04       __debugger_hook_dummy      0040cc04     <common>
 0003:00001c08       __nhandle                  0040cc08     <common>
 0003:00001c20       ___pioinfo                 0040cc20     <common>
 0003:00001d20       ___env_initialized         0040cd20     <common>
 0003:00001d24       ___onexitend               0040cd24     <common>
 0003:00001d28       ___onexitbegin             0040cd28     <common>
 0003:00001d2c       ___mbctype_initialized     0040cd2c     <common>
 0003:00001d30       __FPinit                   0040cd30     <common>
 0003:00001d34       ___dyn_tls_init_callback   0040cd34     <common>
 0003:00001d38       __pDestructExceptionObject 0040cd38     <common>
 0003:00001d3c       ___piob                    0040cd3c     <common>
 0003:00001d40       __bufin                    0040cd40     <common>
 0003:00002d40       __nstream                  0040dd40     <common>
 0003:00002d44       __acmdln                   0040dd44     <common>
 0003:00002d48       __NoHeapEnableTerminationOnCorruption 0040dd48     <common>

 entry point at        0001:000006c0

 Static symbols

 0001:00000536       _fast_error_exit           00401536 f   LIBCMT:crt0.obj
 0001:0000055f       ___tmainCRTStartup         0040155f f   LIBCMT:crt0.obj
 0001:000009d6       _write_char                004019d6 f   LIBCMT:output.obj
 0001:00000a09       _write_string              00401a09 f   LIBCMT:output.obj
 0001:00001bd2       _doexit                    00402bd2 f   LIBCMT:crt0dat.obj
 0001:00002253       _parse_cmdline             00403253 f   LIBCMT:stdargv.obj
 0001:00002f44       _flsall                    00403f44 f   LIBCMT:fflush.obj
 0001:00003250       ?CPtoLCID@@YAHH@Z          00404250 f   LIBCMT:mbctype.obj
 0001:0000327f       ?setSBCS@@YAXPAUthreadmbcinfostruct@@@Z 0040427f f   LIBCMT:mbctype.obj
 0001:000032e3       ?setSBUpLow@@YAXPAUthreadmbcinfostruct@@@Z 004042e3 f   LIBCMT:mbctype.obj
 0001:00003517       ?getSystemCP@@YAHH@Z       00404517 f   LIBCMT:mbctype.obj
 0001:00004210       __unwind_handler4          00405210 f   LIBCMT:exsup4.obj
 0001:00004494       _siglookup                 00405494 f   LIBCMT:winsig.obj
 0001:00004699       __onexit_nolock            00405699 f   LIBCMT:onexit.obj
 0001:00004b9d       ?x_ismbbtype_l@@YAHPAUlocaleinfo_struct@@IHH@Z 00405b9d f   LIBCMT:ismbbyte.obj
 0001:000056e2       ?__crtLCMapStringA_stat@@YAHPAUlocaleinfo_struct@@KKPBDHPADHHH@Z 004066e2 f   LIBCMT:a_map.obj
 0001:0000590f       ?__crtGetStringTypeA_stat@@YAHPAUlocaleinfo_struct@@KPBDHPAGHHH@Z 0040690f f   LIBCMT:a_str.obj
 0001:000062d0       __unwind_handler           004072d0 f   LIBCMT:exsup.obj
